C51 COMPILER V9.01   XY_HAL_ALG                                                            03/18/2021 14:17:24 PAGE 1   


C51 COMPILER V9.01, COMPILATION OF MODULE XY_HAL_ALG
OBJECT MODULE PLACED IN .\Objects\xy_hal_alg.obj
COMPILER INVOKED BY: D:\MDK5\C51\BIN\C51.EXE 03_HAL\xy_hal_alg.c LARGE OMF2 OPTIMIZE(8,SPEED) BROWSE INCDIR(.\01_APL;.\0
                    -2_FML;.\03_HAL;.\04_SYS) DEBUG PRINT(.\Listings\xy_hal_alg.lst) OBJECT(.\Objects\xy_hal_alg.obj)

line level    source

   1          #include "xy_sys_headfile.h"
   2          
   3          unsigned char hal_alg_chk_crc8(unsigned char* p_buffer, unsigned char buf_size)
   4          {
   5   1              unsigned char i;
   6   1          unsigned char crc = 0;
   7   1              
   8   1          while(buf_size--)
   9   1          {
  10   2              for(i=0x80; i>0; i>>=1)
  11   2              {
  12   3                  if((crc & 0x80) != 0)
  13   3                  {
  14   4                      crc <<= 1;
  15   4                      crc ^= 0x07; // X8 + X2 + X + 1
  16   4                  }
  17   3                  else
  18   3                  {
  19   4                      crc <<= 1;
  20   4                  }
  21   3      
  22   3                  if((*p_buffer & i) != 0)
  23   3                  {
  24   4                      crc ^= 0x07;
  25   4                  }
  26   3              }
  27   2              p_buffer++;
  28   2          }
  29   1          return crc;
  30   1      }


MODULE INFORMATION:   STATIC OVERLAYABLE
   CODE SIZE        =     57    ----
   CONSTANT SIZE    =   ----    ----
   XDATA SIZE       =   ----    ----
   PDATA SIZE       =   ----    ----
   DATA SIZE        =   ----    ----
   IDATA SIZE       =   ----    ----
   BIT SIZE         =   ----    ----
   EDATA SIZE       =   ----    ----
   HDATA SIZE       =   ----    ----
   XDATA CONST SIZE =   ----    ----
   FAR CONST SIZE   =   ----    ----
END OF MODULE INFORMATION.


C51 COMPILATION COMPLETE.  0 WARNING(S),  0 ERROR(S)
