C51 COMPILER V9.01   XY_HAL_ISR                                                            03/06/2021 13:59:20 PAGE 1   


C51 COMPILER V9.01, COMPILATION OF MODULE XY_HAL_ISR
OBJECT MODULE PLACED IN .\Objects\xy_hal_isr.obj
COMPILER INVOKED BY: D:\MDK5\C51\BIN\C51.EXE 03_HAL\xy_hal_isr.c LARGE OMF2 OPTIMIZE(8,SPEED) BROWSE INCDIR(.\01_APL;.\0
                    -2_FML;.\03_HAL;.\04_SYS) DEBUG PRINT(.\Listings\xy_hal_isr.lst) OBJECT(.\Objects\xy_hal_isr.obj)

line level    source

   1          #include "xy_sys_headfile.h"
   2          
   3          static datall* s_p_data = &g_datall;
   4          
   5          /*********************************************************************************************************
             -**************
   6          * Function Name: 
   7          * Description  : 
   8          * Arguments    : None
   9          * Return Value : None
  10          **********************************************************************************************************
             -*************/
  11          void hal_irq_tim0_isr(void) interrupt 1
  12          {
  13   1              TH0 = 0xF8;
  14   1              TL0 = 0x90;
  15   1              
  16   1              g_timebase.isTrigInterrupt = 1;
  17   1              fml_buzzer_timer_ctrl(s_p_data);
  18   1      }
  19          
  20          /*********************************************************************************************************
             -**************
  21          * Function Name: 
  22          * Description  : 
  23          * Arguments    : None
  24          * Return Value : None
  25          **********************************************************************************************************
             -*************/
  26          void hal_irq_tim2_isr() interrupt 5
  27          {
  28   1              static unsigned char s_buff = 0;
  29   1              static unsigned char s_count = 0;
  30   1              
  31   1              TF2 = 0;   //溢出清零
  32   1              s_count++;
  33   1              if((s_count > 1) && ((s_count % 2) == 1))
  34   1              {       
  35   2                      s_buff >>= 1;
  36   2                      if(P05 == 1)
  37   2                      {
  38   3                              s_buff |= 0x80;
  39   3                      }
  40   2              }
  41   1              if(s_count >= 17)
  42   1              {       
  43   2                      s_count = 0;            
  44   2                      
  45   2                      INT2F |= 0x02; 
  46   2                      IE1 |= 0X08;      
  47   2                      TR2 = 0;          
  48   2                      RCAP2H=0xfc;     //溢出时间：时钟为Fsys，则12000*（1/Fsys）=0.5ms;
  49   2                      RCAP2L=0xbe;
  50   2                      
C51 COMPILER V9.01   XY_HAL_ISR                                                            03/06/2021 13:59:20 PAGE 2   

  51   2                      hal_serial_uart_rx_touch(s_buff);
  52   2              }
  53   1      }
  54          
  55          /*********************************************************************************************************
             -**************
  56          * Function Name: 
  57          * Description  : 
  58          * Arguments    : None
  59          * Return Value : None
  60          **********************************************************************************************************
             -*************/
  61          void hal_irq_uart1_isr(void) interrupt 7
  62          {
  63   1              if(SSCON0&0x02)    //发送标志位判断
  64   1              {
  65   2                      SSCON0 &= 0xFD;
  66   2                      s_p_data->uart.send_byte_ok = 1;
  67   2      //              s_p_data->uart.send_uart1_ok = 1;
  68   2                      
  69   2          }
  70   1              if((SSCON0&0x01))  //接收标志位判断
  71   1              {
  72   2                      SSCON0 &= 0xFE;
  73   2      
  74   2                      hal_serial_uart_rx_display(SSDAT);
  75   2          }
  76   1      }
  77          
  78          /*********************************************************************************************************
             -**************
  79          * Function Name: 
  80          * Description  : 
  81          * Arguments    : None
  82          * Return Value : None
  83          **********************************************************************************************************
             -*************/
  84          void hal_irq_ex2_isr(void) interrupt 10
  85          {       
  86   1              IE1 &= 0XF7;
  87   1              INT2F = 0x00;
  88   1              TR2 = 1;
  89   1              RCAP2H=0xfc;             
  90   1              RCAP2L=0xbe;
  91   1      }
  92          
  93          /*********************************************************************************************************
             -**************
  94          * Function Name: 
  95          * Description  : 
  96          * Arguments    : None
  97          * Return Value : None
  98          **********************************************************************************************************
             -*************/
  99          
 100          void hal_irq_uart1_send(unsigned char* p_buffer, unsigned char length)
 101          {
 102   1              static unsigned char i = 0;
 103   1      
 104   1              SSDAT = p_buffer[i];
 105   1              if(s_p_data->uart.send_byte_ok)
 106   1              {
C51 COMPILER V9.01   XY_HAL_ISR                                                            03/06/2021 13:59:20 PAGE 3   

 107   2                      s_p_data->uart.send_byte_ok = 0;
 108   2                      i++;
 109   2                      if(i >= length)
 110   2                      {
 111   3                              i = 0;
 112   3                              s_p_data->uart.send_data = 0;
 113   3                      }
 114   2              }
 115   1      }
 116          //void hal_irq_uart2_send(unsigned char* p_buffer, unsigned char length)
 117          //{
 118          //      unsigned char i = 0;
 119          
 120          //      for(i=0; i<length; i++)
 121          //      {
 122          //              SSDAT = p_buffer[i];
 123          //              while(!s_p_data->uart.send_uart1_ok);
 124          //              s_p_data->uart.send_uart1_ok = 0;
 125          //      }
 126          //}


MODULE INFORMATION:   STATIC OVERLAYABLE
   CODE SIZE        =    386    ----
   CONSTANT SIZE    =   ----    ----
   XDATA SIZE       =      6    ----
   PDATA SIZE       =   ----    ----
   DATA SIZE        =   ----    ----
   IDATA SIZE       =   ----    ----
   BIT SIZE         =   ----    ----
   EDATA SIZE       =   ----    ----
   HDATA SIZE       =   ----    ----
   XDATA CONST SIZE =   ----    ----
   FAR CONST SIZE   =   ----    ----
END OF MODULE INFORMATION.


C51 COMPILATION COMPLETE.  0 WARNING(S),  0 ERROR(S)
