C51 COMPILER V9.01   XY_HAL_PORT                                                           03/20/2021 10:45:06 PAGE 1   


C51 COMPILER V9.01, COMPILATION OF MODULE XY_HAL_PORT
OBJECT MODULE PLACED IN .\Objects\xy_hal_port.obj
COMPILER INVOKED BY: D:\MDK5\C51\BIN\C51.EXE 03_HAL\xy_hal_port.c LARGE OMF2 OPTIMIZE(8,SPEED) BROWSE INCDIR(.\01_APL;.\
                    -02_FML;.\03_HAL;.\04_SYS) DEBUG PRINT(.\Listings\xy_hal_port.lst) OBJECT(.\Objects\xy_hal_port.obj)

line level    source

   1          #include "xy_sys_headfile.h"
   2          
   3          void hal_port_init(void)
   4          {
   5   1              P0CON = 0x9F;    // test P07
   6   1              P0PH  = 0x60;           
   7   1              P1CON = 0xE1;    // test P10
   8   1              P1PH  = 0x10;
   9   1              P2CON = 0xFC;  
  10   1              P2PH  = 0x03;
  11   1              /*      EX2     */
  12   1              INT2R = 0x00;   
  13   1              INT2F = 0x02;
  14   1              IE1  |= 0X08;
  15   1              IP1  |= 0X08;
  16   1      }


MODULE INFORMATION:   STATIC OVERLAYABLE
   CODE SIZE        =     31    ----
   CONSTANT SIZE    =   ----    ----
   XDATA SIZE       =   ----    ----
   PDATA SIZE       =   ----    ----
   DATA SIZE        =   ----    ----
   IDATA SIZE       =   ----    ----
   BIT SIZE         =   ----    ----
   EDATA SIZE       =   ----    ----
   HDATA SIZE       =   ----    ----
   XDATA CONST SIZE =   ----    ----
   FAR CONST SIZE   =   ----    ----
END OF MODULE INFORMATION.


C51 COMPILATION COMPLETE.  0 WARNING(S),  0 ERROR(S)
